To honour the JVM settings for this build a single-use Daemon process will be forked. For more on this, please refer to https://docs.gradle.org/9.8.0/userguide/gradle_daemon.html#sec:disabling_the_daemon in the Gradle documentation.
Daemon will be stopped at the end of the build 

> Configure project :
Fabric Loom: 1.18.2

> Task :generateBuildConfig
> Task :compileJava UP-TO-DATE
> Task :processResources UP-TO-DATE
> Task :classes UP-TO-DATE
> Task :processIncludeJars UP-TO-DATE
> Task :validateAccessWidener UP-TO-DATE
> Task :check

> Task :pre26BuildMetadata
PRE26_BUILD_METADATA {"gradleVersion":"9.8.0","javaVersion":"25.0.4","projectRoot":"D:\\Vibecode\\AchieveToDo 26.2","projectVersion":"mc26.2+0.1.5.3","archivesName":"achievetodo","jarTasks":[{"task":":jar","type":"org.gradle.api.tasks.bundling.Jar_Decorated","archive":"D:\\Vibecode\\AchieveToDo 26.2\\build\\libs\\achievetodo-mc26.2+0.1.5.3.jar","classifier":"","exists":true,"dependencies":[":classes",":compileJava",":processIncludeJars"]}],"sourceSets":[{"name":"gametest","java":["D:\\Vibecode\\AchieveToDo 26.2\\src\\gametest\\java"],"resources":["D:\\Vibecode\\AchieveToDo 26.2\\src\\gametest\\resources"],"classes":["D:\\Vibecode\\AchieveToDo 26.2\\build\\classes\\java\\gametest"],"resourcesOutput":"D:\\Vibecode\\AchieveToDo 26.2\\build\\resources\\gametest"},{"name":"main","java":["D:\\Vibecode\\AchieveToDo 26.2\\src\\main\\java","D:\\Vibecode\\AchieveToDo 26.2\\src\\main\\generated\\java"],"resources":["D:\\Vibecode\\AchieveToDo 26.2\\src\\main\\resources","D:\\Vibecode\\AchieveToDo 26.2\\src\\main\\generated"],"classes":["D:\\Vibecode\\AchieveToDo 26.2\\build\\classes\\java\\main"],"resourcesOutput":"D:\\Vibecode\\AchieveToDo 26.2\\build\\resources\\main"},{"name":"test","java":["D:\\Vibecode\\AchieveToDo 26.2\\src\\test\\java","D:\\Vibecode\\AchieveToDo 26.2\\reference\\phase_a_planning\\pre26_2_smoke_bugfix_0_1_5_2\\java","D:\\Vibecode\\AchieveToDo 26.2\\reference\\phase_a_planning\\pre26_2_final_build\\java","D:\\Vibecode\\AchieveToDo 26.2\\reference\\phase_a_planning\\pre26_2_author_identity_0_1_5_3\\java"],"resources":["D:\\Vibecode\\AchieveToDo 26.2\\src\\test\\resources"],"classes":["D:\\Vibecode\\AchieveToDo 26.2\\build\\classes\\java\\test"],"resourcesOutput":"D:\\Vibecode\\AchieveToDo 26.2\\build\\resources\\test"}],"taskGraph":[{"task":":generateBuildConfig","type":"org.gradle.api.DefaultTask_Decorated"},{"task":":compileJava","type":"org.gradle.api.tasks.compile.JavaCompile_Decorated"},{"task":":processResources","type":"org.gradle.language.jvm.tasks.ProcessResources_Decorated"},{"task":":classes","type":"org.gradle.api.DefaultTask_Decorated"},{"task":":processIncludeJars","type":"net.fabricmc.loom.build.nesting.NestableJarGenerationTask_Decorated"},{"task":":jar","type":"org.gradle.api.tasks.bundling.Jar_Decorated"},{"task":":assemble","type":"org.gradle.api.DefaultTask_Decorated"},{"task":":validateAccessWidener","type":"net.fabricmc.loom.task.ValidateAccessWidenerTask_Decorated"},{"task":":check","type":"org.gradle.api.DefaultTask_Decorated"},{"task":":build","type":"org.gradle.api.DefaultTask_Decorated"},{"task":":pre26BuildMetadata","type":"org.gradle.api.DefaultTask_Decorated"},{"task":":pre26ResolvedDependencies","type":"org.gradle.api.DefaultTask_Decorated"}],"buildDependencies":[":assemble",":check"],"assembleDependencies":[":jar"]}

> Task :pre26ResolvedDependencies
> Task :jar
> Task :assemble
> Task :build

[Incubating] Problems report is available at: file:///D:/Vibecode/AchieveToDo%2026.2/build/reports/problems/problems-report.html

Deprecated Gradle features were used in this build, making it incompatible with Gradle 10.

You can use '--warning-mode all' to show the individual deprecation warnings and determine if they come from your own scripts or plugins.

For more on this, please refer to https://docs.gradle.org/9.8.0/userguide/command_line_interface.html#sec:command_line_warnings in the Gradle documentation.

BUILD SUCCESSFUL in 14s
8 actionable tasks: 4 executed, 4 up-to-date
