WARNING: A restricted method in java.lang.System has been called
WARNING: java.lang.System::load has been called by net.rubygrapefruit.platform.internal.NativeLibraryLoader in an unnamed module (file:/D:/Vibecode/AchieveToDo%2026.2/.gradle-user-home/wrapper/dists/gradle-9.5.1-bin/iq79hdu3mqx29lgffhp8bfmx/gradle-9.5.1/lib/native-platform-0.22-milestone-29.jar)
WARNING: Use --enable-native-access=ALL-UNNAMED to avoid a warning for callers in this module
WARNING: Restricted methods will be blocked in a future release unless native access is enabled

To honour the JVM settings for this build a single-use Daemon process will be forked. For more on this, please refer to https://docs.gradle.org/9.5.1/userguide/gradle_daemon.html#sec:disabling_the_daemon in the Gradle documentation.
Daemon will be stopped at the end of the build 

> Configure project :
Fabric Loom: 1.17.19

> Task :generateBuildConfig
> Task :compileJava UP-TO-DATE
> Task :processResources UP-TO-DATE
> Task :classes UP-TO-DATE
> Task :compileTestJava UP-TO-DATE
> Task :processTestResources UP-TO-DATE
> Task :testClasses UP-TO-DATE
> Task :compileGametestJava UP-TO-DATE
> Task :generateLog4jConfig UP-TO-DATE
> Task :generateDLIConfig UP-TO-DATE
> Task :configureLaunch UP-TO-DATE
> Task :processGametestResources
> Task :gametestClasses

> Task :runGameTest
[23:29:03] [main/INFO] (FabricLoader/GameProvider) Loading Minecraft 26.2 with Fabric Loader 0.19.3
[23:29:03] [main/INFO] (FabricLoader/Mappings) Mappings not present!
[23:29:03] [main/INFO] (FabricLoader) Loading 44 mods:
	- achievetodo 0.1.5
	- achievetodo-test 1.0.0
	- fabric-api 0.158.0+26.2
	   |-- fabric-key-mapping-api-v1 2.0.5+e2bdee789e
	   |-- fabric-model-loading-api-v1 8.0.16+c80601bb9e
	   |-- fabric-renderer-api-v1 14.1.3+2b0d8a229e
	   |-- fabric-renderer-indigo 9.1.3+2b0d8a229e
	   |-- fabric-rendering-v1 25.3.2+515ac5339e
	   |-- fabric-screen-api-v1 5.2.0+58e078ad9e
	   \-- fabric-sound-api-v1 2.0.5+11a26f319e
	- fabric-api-base 2.0.4+ece063239e
	- fabric-api-lookup-api-v1 2.0.17+11e1c9a39e
	- fabric-biome-api-v1 18.0.6+c7bd5b8e9e
	- fabric-block-api-v1 3.0.3+ec56b6019e
	- fabric-block-getter-api-v2 2.0.7+ec56b6019e
	- fabric-command-api-v2 3.1.0+00cb03469e
	- fabric-content-registries-v0 11.3.1+37b1aa249e
	- fabric-convention-tags-v2 4.7.0+1f023a9e9e
	- fabric-crash-report-info-v1 1.0.5+086d547a9e
	- fabric-creative-tab-api-v1 5.0.14+d871b99e9e
	- fabric-data-attachment-api-v1 2.2.18+515ac5339e
	- fabric-data-generation-api-v1 25.5.0+aed122aa9e
	- fabric-debug-api-v1 1.0.2+c792624d9e
	- fabric-dimensions-v1 5.1.11+515ac5339e
	- fabric-entity-events-v1 5.0.5+06488ac19e
	- fabric-events-interaction-v0 5.2.7+515ac5339e
	- fabric-game-rule-api-v1 4.0.8+46a6d00c9e
	- fabric-gametest-api-v1 4.0.21+4a7fa0819e
	- fabric-item-api-v1 14.5.0+c68f6cbe9e
	- fabric-lifecycle-events-v1 4.1.3+4575b05f9e
	- fabric-loot-api-v3 3.0.17+06488ac19e
	- fabric-menu-api-v1 2.0.16+086d547a9e
	- fabric-message-api-v1 7.0.8+bb2ed3f79e
	- fabric-networking-api-v1 6.3.3+72073ef09e
	- fabric-object-builder-api-v1 24.1.0+6fcd5f039e
	- fabric-particles-v1 5.0.18+d1756aa99e
	- fabric-permission-api-v1 1.0.5+e442d8d09e
	- fabric-recipe-api-v1 9.0.20+11e1c9a39e
	- fabric-registry-sync-v0 7.1.0+c7bd5b8e9e
	- fabric-rendering-fluids-v1 6.0.4+06488ac19e
	- fabric-resource-conditions-api-v1 6.1.0+10e9a28b9e
	- fabric-resource-loader-v0 3.3.20+4fc5413f9e
	- fabric-resource-loader-v1 2.0.13+9edec1269e
	- fabric-serialization-api-v1 2.0.4+11a26f319e
	- fabric-tag-api-v1 2.1.4+515ac5339e
	- fabric-transfer-api-v1 8.0.12+11dbb7d79e
	- fabric-transitive-access-wideners-v1 8.1.4+67c847259e
	- fabricloader 0.19.3
	- java 25
	- minecraft 26.2
	- mixinextras 0.5.4
[23:29:04] [main/INFO] (FabricLoader/Mixin) SpongePowered MIXIN Subsystem Version=0.8.7 Source=file:/D:/Vibecode/AchieveToDo%2026.2/.gradle-user-home/caches/modules-2/files-2.1/net.fabricmc/sponge-mixin/0.17.3+mixin.0.8.7/41c4a3984a80f4679e759fb9f495587acc5cdac7/sponge-mixin-0.17.3+mixin.0.8.7.jar Service=Knot/Fabric Env=SERVER
[23:29:04] [main/INFO] (FabricLoader/Mixin) Compatibility level set to JAVA_25
[23:29:05] [main/INFO] (FabricLoader/MixinExtras|Service) Initializing MixinExtras via com.llamalad7.mixinextras.service.MixinExtrasServiceImpl(version=0.5.4).
[23:29:08] [main/ERROR] (HkeyPerformanceDataUtil) Unable to locate English counter names in registry Perflib 009. Counters may need to be rebuilt: 

com.sun.jna.platform.win32.Win32Exception: Параметр задан неверно.
	at knot//com.sun.jna.platform.win32.Advapi32Util.registryGetStringArray(Advapi32Util.java:921)
	at knot//com.sun.jna.platform.win32.Advapi32Util.registryGetStringArray(Advapi32Util.java:898)
	at knot//oshi.driver.windows.registry.HkeyPerformanceDataUtil.mapCounterIndicesFromRegistry(HkeyPerformanceDataUtil.java:274)
	at knot//oshi.driver.windows.registry.HkeyPerformanceDataUtil.<clinit>(HkeyPerformanceDataUtil.java:51)
	at knot//oshi.driver.windows.registry.ProcessPerformanceData.buildProcessMapFromRegistry(ProcessPerformanceData.java:45)
	at knot//oshi.software.os.windows.WindowsOperatingSystem.queryProcessMapFromRegistry(WindowsOperatingSystem.java:328)
	at knot//oshi.util.Memoizer$1.get(Memoizer.java:65)
	at knot//oshi.software.os.windows.WindowsOperatingSystem.processMapToList(WindowsOperatingSystem.java:298)
	at knot//oshi.software.os.windows.WindowsOperatingSystem.getProcess(WindowsOperatingSystem.java:292)
	at knot//oshi.software.os.OperatingSystem.getCurrentProcess(OperatingSystem.java:246)
	at knot//net.minecraft.SystemReport.lambda$putSoftware$0(SystemReport.java:116)
	at knot//net.minecraft.SystemReport.ignoreErrors(SystemReport.java:121)
	at knot//net.minecraft.SystemReport.putSoftware(SystemReport.java:116)
	at knot//net.minecraft.SystemReport.lambda$new$7(SystemReport.java:68)
	at knot//net.minecraft.SystemReport.ignoreErrors(SystemReport.java:121)
	at knot//net.minecraft.SystemReport.<init>(SystemReport.java:68)
	at knot//net.minecraft.CrashReport.<init>(CrashReport.java:35)
	at knot//net.minecraft.CrashReport.preload(CrashReport.java:252)
	at knot//net.minecraft.server.Main.main(Main.java:104)
	at net.fabricmc.loader.impl.game.minecraft.MinecraftGameProvider.launch(MinecraftGameProvider.java:514)
	at net.fabricmc.loader.impl.launch.knot.Knot.launch(Knot.java:72)
	at net.fabricmc.loader.impl.launch.knot.KnotServer.main(KnotServer.java:23)
	at net.fabricmc.devlaunchinjector.Main.main(Main.java:86)
[23:29:08] [main/WARN] (PerfCounterQuery) Unable to locate English counter names in registry Perflib 009. Assuming English counters. Error 0x80070057. See https://support.microsoft.com/en-us/help/300956/how-to-manually-rebuild-performance-counter-library-values
[23:29:08] [main/WARN] (PerfCounterWildcardQuery) Failed to locate performance object for Process in the registry. Performance counters may be corrupt. Pdh call failed with error code 0xC0000BB8
[23:29:08] [main/INFO] (PerfCounterWildcardQuery) Disabling further attempts to query Process.
[23:29:20] [main/INFO] (Minecraft) Environment: Environment[sessionHost=https://sessionserver.mojang.com, servicesHost=https://api.minecraftservices.com, profilesHost=https://api.mojang.com, name=PROD]
[23:29:21] [main/INFO] (FabricGameTestRunner) Starting test server
[23:29:35] [main/INFO] (Minecraft) Loaded 1585 recipes
[23:29:35] [main/INFO] (Minecraft) Loaded 2948 advancements
[23:29:36] [main/INFO] (BiomeModificationImpl) Applied 0 biome modifications to 0 of 66 new biomes in 6.091 ms
[23:29:36] [Server thread/INFO] (AchieveToDo) Scoreboard objective with advancements counter found: advancements mode = DEFAULT, objective name = bac_advancements, display slot = SIDEBAR
[23:29:36] [Server thread/INFO] (Minecraft) Selecting global world spawn...
[23:29:37] [Server thread/INFO] (Minecraft) Loading 0 persistent chunks...
[23:29:37] [Server thread/INFO] (Minecraft) Preparing spawn area: 100%
[23:29:37] [Server thread/INFO] (Minecraft) Time elapsed: 263 ms
[23:29:37] [Server thread/INFO] (Minecraft) Will run tests matching achievetodo-test:final19cauldron_gate_regression_game_test_cauldron_gate_regression24 (1 tests)
[23:29:37] [Server thread/INFO] (Minecraft) Started game test server
[23:29:37] [Server thread/INFO] (AchieveToDo) Loading 'normal' abilities configuration...
[23:29:37] [Server thread/INFO] (AchieveToDo) Abilities configuration loaded
[23:29:37] [Server thread/WARN] (TranslationConventionLogWarnings) 
	Dev warning - Untranslated Item Tags detected. Please translate your item tags so other mods such as recipe viewers can properly display your tag's name.
	The format desired is tag.item.<namespace>.<path> for the translation key with slashes in path turned into periods.
	To disable this message, set this system property in your runs: `-Dfabric-tag-conventions-v2.missingTagTranslationWarning=SILENCED`.
	To see individual untranslated item tags found, set the system property to `-Dfabric-tag-conventions-v2.missingTagTranslationWarning=VERBOSE`.
	Default is `SHORT`.

[23:29:37] [Server thread/INFO] (Minecraft) 1 tests are now running at position 11890962, -59, -10107574!
[23:29:39] [Server thread/INFO] (Minecraft) Running test environment 'minecraft:default' batch 0 (1 tests)...
[23:29:39] [Server thread/WARN] (Minecraft) Can't keep up! Is the server overloaded? Running 2074ms or 41 ticks behind
[23:29:39] [Server thread/INFO] (Minecraft) [ ]
[23:29:39] [Server thread/INFO] (Minecraft) [ ]
[23:29:39] [Server thread/INFO] (Minecraft) [STDOUT]: FINAL19_CAULDRON_GATE_REGRESSION_START
[23:29:39] [Server thread/INFO] (Minecraft) f19595090e2[embedded] logged in with entity id 1 at (0.0, 0.0, 0.0)
[23:29:40] [Server thread/INFO] (Minecraft) f19595090e2 joined the game
[23:29:40] [Server thread/INFO] (AchieveToDo) Loading 'normal' abilities configuration...
[23:29:41] [Server thread/INFO] (Minecraft) f19b7b5da8f[embedded] logged in with entity id 749 at (0.0, 0.0, 0.0)
[23:29:41] [Server thread/INFO] (Minecraft) f19b7b5da8f joined the game
[23:29:41] [Server thread/INFO] (AchieveToDo) Loading 'normal' abilities configuration...
[23:29:41] [Server thread/INFO] (Minecraft) f1933d0a747[embedded] logged in with entity id 750 at (0.0, 0.0, 0.0)
[23:29:41] [Server thread/INFO] (Minecraft) f1933d0a747 joined the game
[23:29:41] [Server thread/INFO] (AchieveToDo) Loading 'normal' abilities configuration...
[23:29:41] [Server thread/INFO] (Minecraft) f190d169b57[embedded] logged in with entity id 751 at (0.0, 0.0, 0.0)
[23:29:42] [Server thread/INFO] (Minecraft) f190d169b57 joined the game
[23:29:42] [Server thread/INFO] (AchieveToDo) Loading 'normal' abilities configuration...
[23:29:42] [Server thread/INFO] (AchieveToDo) Loading 'normal' abilities configuration...
[23:29:42] [Server thread/INFO] (Minecraft) f190003cc2c[embedded] logged in with entity id 752 at (0.0, 0.0, 0.0)
[23:29:42] [Server thread/INFO] (Minecraft) f190003cc2c joined the game
[23:29:42] [Server thread/INFO] (AchieveToDo) Loading 'normal' abilities configuration...
[23:29:42] [Server thread/INFO] (AchieveToDo) Loading 'normal' abilities configuration...
[23:29:42] [Server thread/INFO] (Minecraft) f191496a605[embedded] logged in with entity id 753 at (0.0, 0.0, 0.0)
[23:29:42] [Server thread/INFO] (Minecraft) f191496a605 joined the game
[23:29:42] [Server thread/INFO] (Minecraft) [_]
[23:29:42] [Server thread/INFO] (AchieveToDo) Loading 'normal' abilities configuration...
[23:29:42] [Server thread/INFO] (AchieveToDo) Loading 'normal' abilities configuration...
[23:29:43] [Server thread/INFO] (Minecraft) f19c5a154b5[embedded] logged in with entity id 754 at (0.0, 0.0, 0.0)
[23:29:43] [Server thread/INFO] (Minecraft) f19c5a154b5 joined the game
[23:29:43] [Server thread/INFO] (AchieveToDo) Loading 'normal' abilities configuration...
[23:29:43] [Server thread/INFO] (AchieveToDo) Loading 'normal' abilities configuration...
[23:29:43] [Server thread/INFO] (Minecraft) f197b57c33c[embedded] logged in with entity id 1502 at (0.0, 0.0, 0.0)
[23:29:43] [Server thread/INFO] (Minecraft) f197b57c33c joined the game
[23:29:43] [Server thread/INFO] (AchieveToDo) Loading 'normal' abilities configuration...
[23:29:43] [Server thread/INFO] (AchieveToDo) Loading 'normal' abilities configuration...
[23:29:43] [Server thread/INFO] (Minecraft) f190b9e9966[embedded] logged in with entity id 2250 at (0.0, 0.0, 0.0)
[23:29:43] [Server thread/INFO] (Minecraft) f190b9e9966 joined the game
[23:29:43] [Server thread/INFO] (AchieveToDo) Loading 'normal' abilities configuration...
[23:29:43] [Server thread/INFO] (AchieveToDo) Loading 'normal' abilities configuration...
[23:29:43] [Server thread/INFO] (Minecraft) f199525c600[embedded] logged in with entity id 2251 at (0.0, 0.0, 0.0)
[23:29:43] [Server thread/INFO] (Minecraft) f199525c600 joined the game
[23:29:43] [Server thread/INFO] (AchieveToDo) Loading 'normal' abilities configuration...
[23:29:43] [Server thread/INFO] (AchieveToDo) Loading 'normal' abilities configuration...
[23:29:44] [Server thread/INFO] (Minecraft) f19e085e61d[embedded] logged in with entity id 2999 at (0.0, 0.0, 0.0)
[23:29:44] [Server thread/INFO] (Minecraft) f19e085e61d joined the game
[23:29:44] [Server thread/INFO] (AchieveToDo) Loading 'normal' abilities configuration...
[23:29:44] [Server thread/INFO] (AchieveToDo) Loading 'normal' abilities configuration...
[23:29:44] [Server thread/INFO] (Minecraft) f19fdf00f64[embedded] logged in with entity id 3000 at (0.0, 0.0, 0.0)
[23:29:44] [Server thread/INFO] (Minecraft) f19fdf00f64 joined the game
[23:29:44] [Server thread/INFO] (AchieveToDo) Loading 'normal' abilities configuration...
[23:29:44] [Server thread/INFO] (AchieveToDo) Loading 'normal' abilities configuration...
[23:29:44] [Server thread/INFO] (Minecraft) f196b8ac21b[embedded] logged in with entity id 3740 at (0.0, 0.0, 0.0)
[23:29:44] [Server thread/INFO] (Minecraft) f196b8ac21b joined the game
[23:29:44] [Server thread/INFO] (Minecraft) [_]
[23:29:44] [Server thread/INFO] (AchieveToDo) Loading 'normal' abilities configuration...
[23:29:45] [Server thread/INFO] (Minecraft) f193a77e393[embedded] logged in with entity id 3745 at (0.0, 0.0, 0.0)
[23:29:45] [Server thread/INFO] (Minecraft) f193a77e393 joined the game
[23:29:45] [Server thread/INFO] (AchieveToDo) Loading 'normal' abilities configuration...
[23:29:45] [Server thread/INFO] (Minecraft) f1956d94658[embedded] logged in with entity id 3749 at (0.0, 0.0, 0.0)
[23:29:45] [Server thread/INFO] (Minecraft) f1956d94658 joined the game
[23:29:45] [Server thread/INFO] (AchieveToDo) Loading 'normal' abilities configuration...
[23:29:45] [Server thread/INFO] (AchieveToDo) Loading 'normal' abilities configuration...
[23:29:45] [Server thread/INFO] (Minecraft) f19baafd1b7[embedded] logged in with entity id 4497 at (0.0, 0.0, 0.0)
[23:29:45] [Server thread/INFO] (Minecraft) f19baafd1b7 joined the game
[23:29:45] [Server thread/INFO] (AchieveToDo) Loading 'normal' abilities configuration...
[23:29:45] [Server thread/INFO] (AchieveToDo) Loading 'normal' abilities configuration...
[23:29:45] [Server thread/INFO] (Minecraft) f1959de1df5[embedded] logged in with entity id 4501 at (0.0, 0.0, 0.0)
[23:29:45] [Server thread/INFO] (Minecraft) f1959de1df5 joined the game
[23:29:45] [Server thread/INFO] (AchieveToDo) Loading 'normal' abilities configuration...
[23:29:45] [Server thread/INFO] (AchieveToDo) Loading 'normal' abilities configuration...
[23:29:45] [Server thread/INFO] (Minecraft) f1952288a27[embedded] logged in with entity id 4502 at (0.0, 0.0, 0.0)
[23:29:45] [Server thread/INFO] (Minecraft) f1952288a27 joined the game
[23:29:45] [Server thread/INFO] (AchieveToDo) Loading 'normal' abilities configuration...
[23:29:45] [Server thread/INFO] (Minecraft) f190f598fba[embedded] logged in with entity id 4506 at (0.0, 0.0, 0.0)
[23:29:45] [Server thread/INFO] (Minecraft) f190f598fba joined the game
[23:29:45] [Server thread/INFO] (AchieveToDo) Loading 'normal' abilities configuration...
[23:29:45] [Server thread/INFO] (Minecraft) [_]
[23:29:45] [Server thread/INFO] (Minecraft) f196fb99237[embedded] logged in with entity id 4507 at (0.0, 0.0, 0.0)
[23:29:45] [Server thread/INFO] (Minecraft) f196fb99237 joined the game
[23:29:45] [Server thread/INFO] (AchieveToDo) Loading 'normal' abilities configuration...
[23:29:45] [Server thread/INFO] (Minecraft) f19b58cc03d[embedded] logged in with entity id 4511 at (0.0, 0.0, 0.0)
[23:29:45] [Server thread/INFO] (Minecraft) f19b58cc03d joined the game
[23:29:45] [Server thread/INFO] (AchieveToDo) Loading 'normal' abilities configuration...
[23:29:45] [Server thread/INFO] (Minecraft) f19e68bce69[embedded] logged in with entity id 4512 at (0.0, 0.0, 0.0)
[23:29:45] [Server thread/INFO] (Minecraft) f19e68bce69 joined the game
[23:29:46] [Server thread/INFO] (AchieveToDo) Loading 'normal' abilities configuration...
[23:29:46] [Server thread/INFO] (Minecraft) f19385532e8[embedded] logged in with entity id 4516 at (0.0, 0.0, 0.0)
[23:29:46] [Server thread/INFO] (Minecraft) f19385532e8 joined the game
[23:29:46] [Server thread/INFO] (AchieveToDo) Loading 'normal' abilities configuration...
[23:29:46] [Server thread/INFO] (Minecraft) f19e2ca336d[embedded] logged in with entity id 4517 at (0.0, 0.0, 0.0)
[23:29:46] [Server thread/INFO] (Minecraft) f19e2ca336d joined the game
[23:29:46] [Server thread/INFO] (AchieveToDo) Loading 'normal' abilities configuration...
[23:29:46] [Server thread/INFO] (AchieveToDo) Loading 'normal' abilities configuration...
[23:29:46] [Server thread/INFO] (Minecraft) [STDOUT]: FINAL19_CAULDRON_GATE_REGRESSION_GREEN runId="50c353c6-aa93-4a48-b0ed-ed96c61ee9f3" entries=24
[23:29:46] [Server thread/INFO] (Minecraft) [+]
[23:29:46] [Server thread/INFO] (Minecraft) ========= 1 GAME TESTS COMPLETE IN 9.078 s ======================
[23:29:46] [Server thread/INFO] (Minecraft) All 1 required tests passed :)
[23:29:46] [Server thread/INFO] (Minecraft) ====================================================
[23:29:46] [Server thread/INFO] (Minecraft) Stopping server
[23:29:46] [Server thread/INFO] (Minecraft) Saving players
[23:29:46] [Server thread/INFO] (Minecraft) Saving worlds
[23:29:46] [Server thread/INFO] (Minecraft) Saving chunks for level 'ServerLevel[Test Level]'/minecraft:overworld
[23:29:46] [Server thread/INFO] (Minecraft) Saving chunks for level 'ServerLevel[Test Level]'/minecraft:the_end
[23:29:46] [Server thread/INFO] (Minecraft) Saving chunks for level 'ServerLevel[Test Level]'/minecraft:the_nether
[23:29:47] [Server thread/INFO] (Minecraft) ThreadedAnvilChunkStorage (world): All chunks are saved
[23:29:47] [Server thread/INFO] (Minecraft) ThreadedAnvilChunkStorage (DIM1): All chunks are saved
[23:29:47] [Server thread/INFO] (Minecraft) ThreadedAnvilChunkStorage (DIM-1): All chunks are saved
[23:29:47] [Server thread/INFO] (Minecraft) ThreadedAnvilChunkStorage: All dimensions are saved
[23:29:47] [Server thread/INFO] (Minecraft) Game test server shutting down

[Incubating] Problems report is available at: file:///D:/Vibecode/AchieveToDo%2026.2/build/reports/problems/problems-report.html

Deprecated Gradle features were used in this build, making it incompatible with Gradle 10.

You can use '--warning-mode all' to show the individual deprecation warnings and determine if they come from your own scripts or plugins.

For more on this, please refer to https://docs.gradle.org/9.5.1/userguide/command_line_interface.html#sec:command_line_warnings in the Gradle documentation.

BUILD SUCCESSFUL in 57s
10 actionable tasks: 3 executed, 7 up-to-date
