To honour the JVM settings for this build a single-use Daemon process will be forked. For more on this, please refer to https://docs.gradle.org/9.8.0/userguide/gradle_daemon.html#sec:disabling_the_daemon in the Gradle documentation.
Daemon will be stopped at the end of the build 

> Configure project :
Fabric Loom: 1.18.2

> Task :generateBuildConfig

> Task :compileJava
Note: Some input files use or override a deprecated API.
Note: Recompile with -Xlint:deprecation for details.

> Task :processResources
> Task :classes
> Task :processIncludeJars
> Task :jar FAILED

[Incubating] Problems report is available at: file:///D:/Vibecode/AchieveToDo%2026.2/build/reports/problems/problems-report.html


Deprecated Gradle features were used in this build, making it incompatible with Gradle 10.

You can use '--warning-mode all' to show the individual deprecation warnings and determine if they come from your own scripts or plugins.

For more on this, please refer to https://docs.gradle.org/9.8.0/userguide/command_line_interface.html#sec:command_line_warnings in the Gradle documentation.
5 actionable tasks: 5 executed
FAILURE: Build failed with an exception.

* Where:
Build file 'D:\Vibecode\AchieveToDo 26.2\build.gradle' line: 360

* What went wrong:
Execution failed for task ':jar' (registered by plugin class 'org.gradle.api.plugins.JavaPlugin').
> Smoke candidate 0.1.5.4 already exists; increment the final modVersion component before producing a changed JAR.

* Try:
> Run with --stacktrace option to get the stack trace.
> Run with --info or --debug option to get more log output.
> Run with --scan to get full insights from a Build Scan (powered by Develocity).
> Get more help at https://help.gradle.org.

BUILD FAILED in 24s
