To honour the JVM settings for this build a single-use Daemon process will be forked. For more on this, please refer to https://docs.gradle.org/9.8.0/userguide/gradle_daemon.html#sec:disabling_the_daemon in the Gradle documentation.
Daemon will be stopped at the end of the build 

> Configure project :
Fabric Loom: 1.18.2

> Task :generateBuildConfig

> Task :compileJava
Note: Some input files use or override a deprecated API.
Note: Recompile with -Xlint:deprecation for details.

> Task :processResources
> Task :classes

> Task :compileTestJava
Note: Some input files use or override a deprecated API.
Note: Recompile with -Xlint:deprecation for details.

> Task :processTestResources
> Task :testClasses

> Task :compileGametestJava
Note: D:\Vibecode\AchieveToDo 26.2\build\tmp\publication_probe_retry1\snapshot\src\gametest\java\com\diskree\achievetodo\certification\PhaseAFishingRodHookedGameTest.java uses or overrides a deprecated API.
Note: Recompile with -Xlint:deprecation for details.

> Task :preparePublicationRuntime
PUBLICATION_RUNTIME_READY frozen=8c72314535c5df7b4416bf0f38310371ec8aec537fde1445bdc820a3c9aada70 copy=8c72314535c5df7b4416bf0f38310371ec8aec537fde1445bdc820a3c9aada70 runtime=565f6f934a3b71a51874a92379533d63af8d3bf2edafc6d09cfd8da2df75fcb4 verifiedDefinitions=1229
WARNING: A terminally deprecated method in sun.misc.Unsafe has been called
WARNING: sun.misc.Unsafe::objectFieldOffset has been called by org.joml.MemUtil$MemUtilUnsafe (file:/D:/Vibecode/AchieveToDo%2026.2/build/tmp/publication_probe_retry1/snapshot/.gradle-user-home/caches/modules-2/files-2.1/org.joml/joml/1.10.8/fc0a71dad90a2cf41d82a76156a0e700af8e4f8d/joml-1.10.8.jar)
WARNING: Please consider reporting this to the maintainers of class org.joml.MemUtil$MemUtilUnsafe
WARNING: sun.misc.Unsafe::objectFieldOffset will be removed in a future release

> Task :test

[Incubating] Problems report is available at: file:///D:/Vibecode/AchieveToDo%2026.2/build/tmp/publication_probe_retry1/snapshot/build/reports/problems/problems-report.html

Deprecated Gradle features were used in this build, making it incompatible with Gradle 10.

You can use '--warning-mode all' to show the individual deprecation warnings and determine if they come from your own scripts or plugins.

For more on this, please refer to https://docs.gradle.org/9.8.0/userguide/command_line_interface.html#sec:command_line_warnings in the Gradle documentation.

BUILD SUCCESSFUL in 3m 1s
8 actionable tasks: 8 executed
