To honour the JVM settings for this build a single-use Daemon process will be forked. For more on this, please refer to https://docs.gradle.org/9.8.0/userguide/gradle_daemon.html#sec:disabling_the_daemon in the Gradle documentation.
Daemon will be stopped at the end of the build 

> Configure project :
Fabric Loom: 1.18.2

> Task :generateBuildConfig

> Task :compileJava
Note: Some input files use or override a deprecated API.
Note: Recompile with -Xlint:deprecation for details.

> Task :processResources
> Task :classes
> Task :compileTestJava
> Task :processTestResources
> Task :testClasses

> Task :compileGametestJava
Note: D:\Vibecode\AchieveToDo 26.2\build\tmp\publication_probe_retry1\snapshot\src\gametest\java\com\diskree\achievetodo\certification\PhaseAFishingRodHookedGameTest.java uses or overrides a deprecated API.
Note: Recompile with -Xlint:deprecation for details.
WARNING: A terminally deprecated method in sun.misc.Unsafe has been called
WARNING: sun.misc.Unsafe::objectFieldOffset has been called by org.joml.MemUtil$MemUtilUnsafe (file:/D:/Vibecode/AchieveToDo%2026.2/build/tmp/publication_probe_retry1/snapshot/.gradle-user-home/caches/modules-2/files-2.1/org.joml/joml/1.10.8/fc0a71dad90a2cf41d82a76156a0e700af8e4f8d/joml-1.10.8.jar)
WARNING: Please consider reporting this to the maintainers of class org.joml.MemUtil$MemUtilUnsafe
WARNING: sun.misc.Unsafe::objectFieldOffset will be removed in a future release

> Task :test

ExternalPackCompatibilityPhaseATest > treatsPinnedHistoricalSourceAsSourceButMarkerCopyAsWorldCopyOnly() FAILED
    org.opentest4j.AssertionFailedError at ExternalPackCompatibilityPhaseATest.java:41

ExternalPackCompatibilityTest > admitsOnlyRawOrCurrentCompatiblePackCopies() FAILED
    org.opentest4j.AssertionFailedError at ExternalPackCompatibilityTest.java:867

PhaseALlamaFestivalNbtScopeTest > onlyTheSixteenFrozenCarpetNbtPathsChangeAcrossTheEntireAdvancementArchive() FAILED
    org.opentest4j.AssertionFailedError at PhaseALlamaFestivalNbtScopeTest.java:41

PhaseALlamaFestivalNbtScopeTest > bacapCopyRecordsMappingAndRejectsStaleMarkerWithoutChangingOtherPackMarkerRules(Path) FAILED
    org.opentest4j.AssertionFailedError at PhaseALlamaFestivalNbtScopeTest.java:73

391 tests completed, 4 failed

> Task :test FAILED

[Incubating] Problems report is available at: file:///D:/Vibecode/AchieveToDo%2026.2/build/tmp/publication_probe_retry1/snapshot/build/reports/problems/problems-report.html

FAILURE: Build failed with an exception.

* What went wrong:
Execution failed for task ':test'.
> There were failing tests. See the report at: file:///D:/Vibecode/AchieveToDo%2026.2/build/tmp/publication_probe_retry1/snapshot/build/reports/tests/test/index.html

* Try:
> Run with --scan to get full insights from a Build Scan (powered by Develocity).

Deprecated Gradle features were used in this build, making it incompatible with Gradle 10.

You can use '--warning-mode all' to show the individual deprecation warnings and determine if they come from your own scripts or plugins.

For more on this, please refer to https://docs.gradle.org/9.8.0/userguide/command_line_interface.html#sec:command_line_warnings in the Gradle documentation.

BUILD FAILED in 6m 45s
7 actionable tasks: 7 executed
