WARNING: A restricted method in java.lang.System has been called
WARNING: java.lang.System::load has been called by net.rubygrapefruit.platform.internal.NativeLibraryLoader in an unnamed module (file:/D:/Vibecode/AchieveToDo%2026.2/.gradle-user-home/wrapper/dists/gradle-9.5.1-bin/iq79hdu3mqx29lgffhp8bfmx/gradle-9.5.1/lib/native-platform-0.22-milestone-29.jar)
WARNING: Use --enable-native-access=ALL-UNNAMED to avoid a warning for callers in this module
WARNING: Restricted methods will be blocked in a future release unless native access is enabled

To honour the JVM settings for this build a single-use Daemon process will be forked. For more on this, please refer to https://docs.gradle.org/9.5.1/userguide/gradle_daemon.html#sec:disabling_the_daemon in the Gradle documentation.
Daemon will be stopped at the end of the build 

> Configure project :
Fabric Loom: 1.17.19

> Task :generateBuildConfig
> Task :compileJava
> Task :processResources UP-TO-DATE
> Task :classes
> Task :compileTestJava UP-TO-DATE
> Task :processTestResources UP-TO-DATE
> Task :testClasses UP-TO-DATE

> Task :compileGametestJava
D:\Vibecode\AchieveToDo 26.2\tools\final19\gametest\com\diskree\achievetodo\certification\Final19WaxGateRegressionGameTest.java:60: error: constructor ChunkPos in record ChunkPos cannot be applied to given types;
            c.landmarkChunk=new ChunkPos(landmarkPos);AchieveToDoMod.getServer().onLandmarksLoadedStatusChanged(h.getLevel(),c.landmarkChunk,c.landmarks,true);
                            ^
  required: int,int
  found:    BlockPos
  reason: actual and formal argument lists differ in length
1 error

> Task :compileGametestJava FAILED

[Incubating] Problems report is available at: file:///D:/Vibecode/AchieveToDo%2026.2/build/reports/problems/problems-report.html

FAILURE: Build failed with an exception.

* What went wrong:
Execution failed for task ':compileGametestJava' (registered by plugin class 'org.gradle.api.plugins.JavaBasePlugin').
> Compilation failed; see the compiler output below.
  D:\Vibecode\AchieveToDo 26.2\tools\final19\gametest\com\diskree\achievetodo\certification\Final19WaxGateRegressionGameTest.java:60: error: constructor ChunkPos in record ChunkPos cannot be applied to given types;
              c.landmarkChunk=new ChunkPos(landmarkPos);AchieveToDoMod.getServer().onLandmarksLoadedStatusChanged(h.getLevel(),c.landmarkChunk,c.landmarks,true);
                              ^
    required: int,int
    found:    BlockPos
    reason: actual and formal argument lists differ in length
  1 error

* Try:
> Check your code and dependencies to fix the compilation error(s)
> Run with --scan to get full insights from a Build Scan (powered by Develocity).

BUILD FAILED in 21s
6 actionable tasks: 3 executed, 3 up-to-date
