To honour the JVM settings for this build a single-use Daemon process will be forked. For more on this, please refer to https://docs.gradle.org/9.8.0/userguide/gradle_daemon.html#sec:disabling_the_daemon in the Gradle documentation.
Daemon will be stopped at the end of the build 

> Configure project :
Fabric Loom: 1.18.2

> Task :processGametestResources
> Task :generateBuildConfig
> Task :compileJava UP-TO-DATE
> Task :processResources UP-TO-DATE
> Task :classes UP-TO-DATE
> Task :compileTestJava UP-TO-DATE
> Task :processTestResources UP-TO-DATE
> Task :testClasses UP-TO-DATE
> Task :compileGametestJava UP-TO-DATE
> Task :generateLog4jConfig
> Task :generateDLIConfig
> Task :configureLaunch
> Task :gametestClasses
> Task :preparePre26SmokeRuntime

> Task :runGameTest
[11:06:50] [main/INFO] (FabricLoader/GameProvider) Loading Minecraft 26.2 with Fabric Loader 0.19.5
[11:06:50] [main/INFO] (FabricLoader/Mappings) Mappings not present!
[11:06:50] [main/INFO] (FabricLoader) Loading 45 mods:
	- achievetodo 0.1.5.2
	- achievetodo-test 1.0.0
	- fabric-advancement-api-v1 1.0.0+58719a3b9e
	- fabric-api 0.161.0+26.2
	- fabric-api-base 2.0.4+ece063239e
	- fabric-api-lookup-api-v1 2.0.18+11e1c9a39e
	- fabric-biome-api-v1 18.0.6+c7bd5b8e9e
	- fabric-block-api-v1 3.1.0+53515aab9e
	- fabric-block-getter-api-v2 2.0.7+ec56b6019e
	- fabric-command-api-v2 3.1.0+00cb03469e
	- fabric-content-registries-v0 11.3.2+37b1aa249e
	- fabric-convention-tags-v2 4.7.1+1f023a9e9e
	- fabric-crash-report-info-v1 1.0.5+086d547a9e
	- fabric-creative-tab-api-v1 5.0.15+6468574f9e
	- fabric-data-attachment-api-v1 2.2.19+515ac5339e
	- fabric-data-generation-api-v1 25.6.0+c0da0b829e
	- fabric-debug-api-v1 1.0.2+c792624d9e
	- fabric-dimensions-v1 5.1.12+515ac5339e
	- fabric-entity-events-v1 5.0.5+06488ac19e
	- fabric-events-interaction-v0 5.2.8+515ac5339e
	- fabric-game-rule-api-v1 4.0.8+46a6d00c9e
	- fabric-gametest-api-v1 4.0.22+4a7fa0819e
	- fabric-item-api-v1 14.5.0+c68f6cbe9e
	- fabric-lifecycle-events-v1 4.1.4+29b6eb019e
	- fabric-loot-api-v3 3.0.17+06488ac19e
	- fabric-menu-api-v1 2.0.17+086d547a9e
	- fabric-message-api-v1 7.0.8+bb2ed3f79e
	- fabric-networking-api-v1 6.3.4+2989c6a09e
	- fabric-object-builder-api-v1 24.1.1+6fcd5f039e
	- fabric-particles-v1 5.0.19+d1756aa99e
	- fabric-permission-api-v1 1.0.5+e442d8d09e
	- fabric-recipe-api-v1 9.0.22+11e1c9a39e
	- fabric-registry-sync-v0 7.1.1+c7bd5b8e9e
	- fabric-rendering-fluids-v1 6.0.4+06488ac19e
	- fabric-resource-conditions-api-v1 6.1.0+10e9a28b9e
	- fabric-resource-loader-v0 3.3.20+4fc5413f9e
	- fabric-resource-loader-v1 2.0.13+9edec1269e
	- fabric-serialization-api-v1 2.0.4+11a26f319e
	- fabric-tag-api-v1 2.1.4+515ac5339e
	- fabric-transfer-api-v1 8.0.13+11dbb7d79e
	- fabric-transitive-access-wideners-v1 8.1.4+67c847259e
	- fabricloader 0.19.5
	- java 25
	- minecraft 26.2
	- mixinextras 0.5.5
[11:06:50] [main/INFO] (FabricLoader/Mixin) SpongePowered MIXIN Subsystem Version=0.8.7 Source=file:/D:/Vibecode/AchieveToDo%2026.2/.gradle-user-home/caches/modules-2/files-2.1/net.fabricmc/sponge-mixin/0.17.4+mixin.0.8.7/5f66cc9f59b8efaa942155a3d5a30599bf6640dd/sponge-mixin-0.17.4+mixin.0.8.7.jar Service=Knot/Fabric Env=SERVER
[11:06:51] [main/INFO] (FabricLoader/MixinExtras|Service) Initializing MixinExtras via com.llamalad7.mixinextras.service.MixinExtrasServiceImpl(version=0.5.5).
[11:06:54] [main/ERROR] (HkeyPerformanceDataUtil) Unable to locate English counter names in registry Perflib 009. Counters may need to be rebuilt: 

com.sun.jna.platform.win32.Win32Exception: Параметр задан неверно.
	at knot//com.sun.jna.platform.win32.Advapi32Util.registryGetStringArray(Advapi32Util.java:921)
	at knot//com.sun.jna.platform.win32.Advapi32Util.registryGetStringArray(Advapi32Util.java:898)
	at knot//oshi.driver.windows.registry.HkeyPerformanceDataUtil.mapCounterIndicesFromRegistry(HkeyPerformanceDataUtil.java:274)
	at knot//oshi.driver.windows.registry.HkeyPerformanceDataUtil.<clinit>(HkeyPerformanceDataUtil.java:51)
	at knot//oshi.driver.windows.registry.ProcessPerformanceData.buildProcessMapFromRegistry(ProcessPerformanceData.java:45)
	at knot//oshi.software.os.windows.WindowsOperatingSystem.queryProcessMapFromRegistry(WindowsOperatingSystem.java:328)
	at knot//oshi.util.Memoizer$1.get(Memoizer.java:65)
	at knot//oshi.software.os.windows.WindowsOperatingSystem.processMapToList(WindowsOperatingSystem.java:298)
	at knot//oshi.software.os.windows.WindowsOperatingSystem.getProcess(WindowsOperatingSystem.java:292)
	at knot//oshi.software.os.OperatingSystem.getCurrentProcess(OperatingSystem.java:246)
	at knot//net.minecraft.SystemReport.lambda$putSoftware$0(SystemReport.java:116)
	at knot//net.minecraft.SystemReport.ignoreErrors(SystemReport.java:121)
	at knot//net.minecraft.SystemReport.putSoftware(SystemReport.java:116)
	at knot//net.minecraft.SystemReport.lambda$new$7(SystemReport.java:68)
	at knot//net.minecraft.SystemReport.ignoreErrors(SystemReport.java:121)
	at knot//net.minecraft.SystemReport.<init>(SystemReport.java:68)
	at knot//net.minecraft.CrashReport.<init>(CrashReport.java:35)
	at knot//net.minecraft.CrashReport.preload(CrashReport.java:252)
	at knot//net.minecraft.server.Main.main(Main.java:104)
	at net.fabricmc.loader.impl.game.minecraft.MinecraftGameProvider.launch(MinecraftGameProvider.java:517)
	at net.fabricmc.loader.impl.launch.knot.Knot.launch(Knot.java:72)
	at net.fabricmc.loader.impl.launch.knot.KnotServer.main(KnotServer.java:23)
	at net.fabricmc.devlaunchinjector.Main.main(Main.java:86)
[11:06:54] [main/WARN] (PerfCounterQuery) Unable to locate English counter names in registry Perflib 009. Assuming English counters. Error 0x80070057. See https://support.microsoft.com/en-us/help/300956/how-to-manually-rebuild-performance-counter-library-values
[11:06:54] [main/WARN] (PerfCounterWildcardQuery) Failed to locate performance object for Process in the registry. Performance counters may be corrupt. Pdh call failed with error code 0xC0000BB8
[11:06:54] [main/INFO] (PerfCounterWildcardQuery) Disabling further attempts to query Process.
[11:07:05] [main/INFO] (Minecraft) Environment: Environment[sessionHost=https://sessionserver.mojang.com, servicesHost=https://api.minecraftservices.com, profilesHost=https://api.mojang.com, name=PROD]
[11:07:06] [main/INFO] (FabricGameTestRunner) Starting test server
[11:07:20] [main/INFO] (Minecraft) Loaded 1585 recipes
[11:07:21] [main/INFO] (Minecraft) Loaded 2949 advancements
[11:07:21] [main/INFO] (BiomeModificationImpl) Applied 0 biome modifications to 0 of 66 new biomes in 2.410 ms
[11:07:21] [Server thread/INFO] (Minecraft) Selecting global world spawn...
[11:07:22] [Server thread/INFO] (Minecraft) Loading 0 persistent chunks...
[11:07:22] [Server thread/INFO] (Minecraft) Preparing spawn area: 100%
[11:07:22] [Server thread/INFO] (Minecraft) Time elapsed: 575 ms
[11:07:22] [Server thread/INFO] (Minecraft) Will run tests matching achievetodo-test:pre26smoke_game_test_native_smoke (1 tests)
[11:07:22] [Server thread/INFO] (Minecraft) Started game test server
[11:07:22] [Server thread/INFO] (AchieveToDo) Scoreboard objective with advancements counter found: advancements mode = DEFAULT, objective name = bac_advancements, display slot = SIDEBAR
[11:07:22] [Server thread/WARN] (TranslationConventionLogWarnings) 
	Dev warning - Untranslated Item Tags detected. Please translate your item tags so other mods such as recipe viewers can properly display your tag's name.
	The format desired is tag.item.<namespace>.<path> for the translation key with slashes in path turned into periods.
	To disable this message, set this system property in your runs: `-Dfabric-tag-conventions-v2.missingTagTranslationWarning=SILENCED`.
	To see individual untranslated item tags found, set the system property to `-Dfabric-tag-conventions-v2.missingTagTranslationWarning=VERBOSE`.
	Default is `SHORT`.

[11:07:22] [Server thread/INFO] (AchieveToDo) Loading 'normal' abilities configuration...
[11:07:22] [Server thread/INFO] (AchieveToDo) Abilities configuration loaded
[11:07:22] [Server thread/INFO] (Minecraft) 1 tests are now running at position -9036952, -59, 7049406!
[11:07:24] [Server thread/INFO] (Minecraft) Running test environment 'minecraft:default' batch 0 (1 tests)...
[11:07:24] [Server thread/WARN] (Minecraft) Can't keep up! Is the server overloaded? Running 2696ms or 53 ticks behind
[11:07:25] [Server thread/INFO] (AchieveToDo) Scoreboard objective with advancements counter found: advancements mode = DEFAULT, objective name = bac_advancements, display slot = SIDEBAR
[11:07:25] [Server thread/INFO] (AchieveToDo) Scoreboard objective with advancements counter found: advancements mode = DEFAULT, objective name = bac_advancements, display slot = SIDEBAR
[11:07:25] [Server thread/INFO] (AchieveToDo) Scoreboard objective with advancements counter found: advancements mode = DEFAULT, objective name = bac_advancements, display slot = SIDEBAR
[11:07:25] [Server thread/INFO] (AchieveToDo) Scoreboard objective with advancements counter found: advancements mode = DEFAULT, objective name = bac_advancements, display slot = SIDEBAR
[11:07:25] [Server thread/INFO] (Minecraft) smokef3b01da5[embedded] logged in with entity id 1 at (0.0, 0.0, 0.0)
[11:07:25] [Server thread/INFO] (Minecraft) smokef3b01da5 joined the game
[11:07:26] [Server thread/INFO] (Minecraft) smokef3b01da5 has made the advancement [Stone Age]
[11:07:27] [Server thread/INFO] (Minecraft) Running function blazeandcave:riddle/ninth_line
[11:07:27] [Server thread/INFO] (Minecraft) [+]
[11:07:27] [Server thread/INFO] (Minecraft) ========= 1 GAME TESTS COMPLETE IN 4.860 s ======================
[11:07:27] [Server thread/INFO] (Minecraft) All 1 required tests passed :)
[11:07:27] [Server thread/INFO] (Minecraft) ====================================================
[11:07:27] [Server thread/INFO] (Minecraft) Stopping server
[11:07:27] [Server thread/INFO] (Minecraft) Saving players
[11:07:27] [Server thread/INFO] (Minecraft) Saving worlds
[11:07:28] [Server thread/INFO] (Minecraft) Saving chunks for level 'ServerLevel[Test Level]'/minecraft:overworld
[11:07:30] [Server thread/INFO] (Minecraft) Saving chunks for level 'ServerLevel[Test Level]'/minecraft:the_nether
[11:07:30] [Server thread/INFO] (Minecraft) Saving chunks for level 'ServerLevel[Test Level]'/minecraft:the_end
[11:07:30] [Server thread/INFO] (Minecraft) ThreadedAnvilChunkStorage (world): All chunks are saved
[11:07:30] [Server thread/INFO] (Minecraft) ThreadedAnvilChunkStorage (DIM-1): All chunks are saved
[11:07:30] [Server thread/INFO] (Minecraft) ThreadedAnvilChunkStorage (DIM1): All chunks are saved
[11:07:30] [Server thread/INFO] (Minecraft) ThreadedAnvilChunkStorage: All dimensions are saved
[11:07:30] [Server thread/INFO] (Minecraft) Game test server shutting down

[Incubating] Problems report is available at: file:///D:/Vibecode/AchieveToDo%2026.2/build/reports/problems/problems-report.html

Deprecated Gradle features were used in this build, making it incompatible with Gradle 10.

You can use '--warning-mode all' to show the individual deprecation warnings and determine if they come from your own scripts or plugins.

For more on this, please refer to https://docs.gradle.org/9.8.0/userguide/command_line_interface.html#sec:command_line_warnings in the Gradle documentation.

BUILD SUCCESSFUL in 58s
11 actionable tasks: 6 executed, 5 up-to-date
