Fetching distribution.
Downloading https://services.gradle.org/distributions/gradle-9.8.0-bin.zip
..............10%..............20%...............30%..............40%...............50%..............60%...............70%..............80%...............90%..............100%

Welcome to Gradle 9.8.0!

Here are the highlights of this release:
 - Java 27 support
 - Maven mirror settings reuse
 - Linked problem locations in build output

For more details see https://docs.gradle.org/9.8.0/release-notes.html


------------------------------------------------------------
Gradle 9.8.0
------------------------------------------------------------

Build time:    2026-09-24 13:40:00 UTC
Revision:      a927be5e08efe79e0b87ada06c762dde6bb9f8b8

Kotlin:        2.4.10
Groovy:        4.0.33
Ant:           Apache Ant(TM) version 1.10.17 compiled on April 6 2026
Launcher JVM:  25.0.4 (Eclipse Adoptium 25.0.4+7-LTS)
Daemon JVM:    C:\Program Files\Eclipse Adoptium\jdk-25.0.4.7-hotspot (no Daemon JVM specified, using current Java home)
OS:            Windows 11 10.0 amd64

