WARNING: A restricted method in java.lang.System has been called
WARNING: java.lang.System::load has been called by net.rubygrapefruit.platform.internal.NativeLibraryLoader in an unnamed module (file:/D:/Vibecode/AchieveToDo%2026.2/.gradle-user-home/wrapper/dists/gradle-9.5.1-bin/iq79hdu3mqx29lgffhp8bfmx/gradle-9.5.1/lib/native-platform-0.22-milestone-29.jar)
WARNING: Use --enable-native-access=ALL-UNNAMED to avoid a warning for callers in this module
WARNING: Restricted methods will be blocked in a future release unless native access is enabled

To honour the JVM settings for this build a single-use Daemon process will be forked. For more on this, please refer to https://docs.gradle.org/9.5.1/userguide/gradle_daemon.html#sec:disabling_the_daemon in the Gradle documentation.
Daemon will be stopped at the end of the build 

> Configure project :
Fabric Loom: 1.17.19

> Task :generateBuildConfig
> Task :compileJava UP-TO-DATE
> Task :processResources UP-TO-DATE
> Task :classes UP-TO-DATE
> Task :compileTestJava
> Task :processTestResources UP-TO-DATE
> Task :testClasses
> Task :compileGametestJava UP-TO-DATE
> Task :generateLog4jConfig UP-TO-DATE
> Task :generateDLIConfig UP-TO-DATE
> Task :configureLaunch UP-TO-DATE
> Task :processGametestResources
> Task :gametestClasses

> Task :preparePre26SmokeRuntime FAILED
Exception in thread "main" java.lang.IllegalStateException: Missing vanilla pack format
	at com.diskree.achievetodo.client.Pre26SmokeRuntimeSetup.main(Pre26SmokeRuntimeSetup.java:20)

FAILURE: Build failed with an exception.

* What went wrong:
Execution failed for task ':preparePre26SmokeRuntime' (registered in initialization script 'reference\phase_a_planning\pre26_2_smoke_bugfix_0_1_5_2\smoke.init.gradle').
> Process 'command 'C:\Program Files\Eclipse Adoptium\jdk-25.0.4.7-hotspot\bin\java.exe'' finished with non-zero exit value 1

* Try:
> Run with --stacktrace option to get the stack trace.
> Run with --info or --debug option to get more log output.
> Run with --scan to get full insights from a Build Scan (powered by Develocity).
> Get more help at https://help.gradle.org.

BUILD FAILED in 18s
10 actionable tasks: 4 executed, 6 up-to-date
