To honour the JVM settings for this build a single-use Daemon process will be forked. For more on this, please refer to https://docs.gradle.org/9.8.0/userguide/gradle_daemon.html#sec:disabling_the_daemon in the Gradle documentation.
Daemon will be stopped at the end of the build 

> Configure project :
Fabric Loom: 1.18.2

> Task :generateBuildConfig
> Task :compileJava UP-TO-DATE
> Task :processResources UP-TO-DATE
> Task :classes UP-TO-DATE
> Task :processIncludeJars UP-TO-DATE
> Task :jar FAILED

FAILURE: Build failed with an exception.

* Where:
Build file 'D:\Vibecode\AchieveToDo 26.2\build.gradle' line: 359

* What went wrong:
Execution failed for task ':jar' (registered by plugin class 'org.gradle.api.plugins.JavaPlugin').
> Smoke candidate 0.1.5.2 already exists; increment the final modVersion component before producing a changed JAR.

* Try:
> Run with --stacktrace option to get the stack trace.
> Run with --info or --debug option to get more log output.
> Run with --scan to get full insights from a Build Scan (powered by Develocity).
> Get more help at https://help.gradle.org.

BUILD FAILED in 12s
5 actionable tasks: 2 executed, 3 up-to-date
